Archive member included to satisfy reference by file (symbol)

e:/cubeide/stm32cubeide_1.8.0/stm32cubeide/plugins/com.st.stm32cube.ide.mcu.externaltools.gnu-tools-for-stm32.9-2020-q2-update.win32_2.0.0.202105311346/tools/bin/../lib/gcc/arm-none-eabi/9.3.1/../../../../arm-none-eabi/lib/thumb/v7-m/nofp\libc_nano.a(lib_a-errno.o)
                              ./Src/syscalls.o (__errno)
e:/cubeide/stm32cubeide_1.8.0/stm32cubeide/plugins/com.st.stm32cube.ide.mcu.externaltools.gnu-tools-for-stm32.9-2020-q2-update.win32_2.0.0.202105311346/tools/bin/../lib/gcc/arm-none-eabi/9.3.1/../../../../arm-none-eabi/lib/thumb/v7-m/nofp\libc_nano.a(lib_a-exit.o)
                              e:/cubeide/stm32cubeide_1.8.0/stm32cubeide/plugins/com.st.stm32cube.ide.mcu.externaltools.gnu-tools-for-stm32.9-2020-q2-update.win32_2.0.0.202105311346/tools/bin/../lib/gcc/arm-none-eabi/9.3.1/../../../../arm-none-eabi/lib/thumb/v7-m/nofp/crt0.o (exit)
e:/cubeide/stm32cubeide_1.8.0/stm32cubeide/plugins/com.st.stm32cube.ide.mcu.externaltools.gnu-tools-for-stm32.9-2020-q2-update.win32_2.0.0.202105311346/tools/bin/../lib/gcc/arm-none-eabi/9.3.1/../../../../arm-none-eabi/lib/thumb/v7-m/nofp\libc_nano.a(lib_a-impure.o)
                              e:/cubeide/stm32cubeide_1.8.0/stm32cubeide/plugins/com.st.stm32cube.ide.mcu.externaltools.gnu-tools-for-stm32.9-2020-q2-update.win32_2.0.0.202105311346/tools/bin/../lib/gcc/arm-none-eabi/9.3.1/../../../../arm-none-eabi/lib/thumb/v7-m/nofp\libc_nano.a(lib_a-exit.o) (_global_impure_ptr)
e:/cubeide/stm32cubeide_1.8.0/stm32cubeide/plugins/com.st.stm32cube.ide.mcu.externaltools.gnu-tools-for-stm32.9-2020-q2-update.win32_2.0.0.202105311346/tools/bin/../lib/gcc/arm-none-eabi/9.3.1/../../../../arm-none-eabi/lib/thumb/v7-m/nofp\libc_nano.a(lib_a-init.o)
                              e:/cubeide/stm32cubeide_1.8.0/stm32cubeide/plugins/com.st.stm32cube.ide.mcu.externaltools.gnu-tools-for-stm32.9-2020-q2-update.win32_2.0.0.202105311346/tools/bin/../lib/gcc/arm-none-eabi/9.3.1/../../../../arm-none-eabi/lib/thumb/v7-m/nofp/crt0.o (__libc_init_array)
e:/cubeide/stm32cubeide_1.8.0/stm32cubeide/plugins/com.st.stm32cube.ide.mcu.externaltools.gnu-tools-for-stm32.9-2020-q2-update.win32_2.0.0.202105311346/tools/bin/../lib/gcc/arm-none-eabi/9.3.1/../../../../arm-none-eabi/lib/thumb/v7-m/nofp\libc_nano.a(lib_a-memcpy-stub.o)
                              ./FreeRTOS/Source/queue.o (memcpy)
e:/cubeide/stm32cubeide_1.8.0/stm32cubeide/plugins/com.st.stm32cube.ide.mcu.externaltools.gnu-tools-for-stm32.9-2020-q2-update.win32_2.0.0.202105311346/tools/bin/../lib/gcc/arm-none-eabi/9.3.1/../../../../arm-none-eabi/lib/thumb/v7-m/nofp\libc_nano.a(lib_a-memset.o)
                              e:/cubeide/stm32cubeide_1.8.0/stm32cubeide/plugins/com.st.stm32cube.ide.mcu.externaltools.gnu-tools-for-stm32.9-2020-q2-update.win32_2.0.0.202105311346/tools/bin/../lib/gcc/arm-none-eabi/9.3.1/../../../../arm-none-eabi/lib/thumb/v7-m/nofp/crt0.o (memset)

Allocating common symbols
Common symbol       size              file

String_Data         0x10              ./Src/main.o
xQueueRegistry      0x40              ./FreeRTOS/Source/queue.o
ch                  0x2               ./Src/main.o
GP_IRQ_CallBack     0x3c              ./MCAL/EXTI/EXTI.o

Discarded input sections

 .text          0x0000000000000000        0x0 e:/cubeide/stm32cubeide_1.8.0/stm32cubeide/plugins/com.st.stm32cube.ide.mcu.externaltools.gnu-tools-for-stm32.9-2020-q2-update.win32_2.0.0.202105311346/tools/bin/../lib/gcc/arm-none-eabi/9.3.1/thumb/v7-m/nofp/crti.o
 .data          0x0000000000000000        0x0 e:/cubeide/stm32cubeide_1.8.0/stm32cubeide/plugins/com.st.stm32cube.ide.mcu.externaltools.gnu-tools-for-stm32.9-2020-q2-update.win32_2.0.0.202105311346/tools/bin/../lib/gcc/arm-none-eabi/9.3.1/thumb/v7-m/nofp/crti.o
 .bss           0x0000000000000000        0x0 e:/cubeide/stm32cubeide_1.8.0/stm32cubeide/plugins/com.st.stm32cube.ide.mcu.externaltools.gnu-tools-for-stm32.9-2020-q2-update.win32_2.0.0.202105311346/tools/bin/../lib/gcc/arm-none-eabi/9.3.1/thumb/v7-m/nofp/crti.o
 .data          0x0000000000000000        0x4 e:/cubeide/stm32cubeide_1.8.0/stm32cubeide/plugins/com.st.stm32cube.ide.mcu.externaltools.gnu-tools-for-stm32.9-2020-q2-update.win32_2.0.0.202105311346/tools/bin/../lib/gcc/arm-none-eabi/9.3.1/thumb/v7-m/nofp/crtbegin.o
 .text          0x0000000000000000       0x7c e:/cubeide/stm32cubeide_1.8.0/stm32cubeide/plugins/com.st.stm32cube.ide.mcu.externaltools.gnu-tools-for-stm32.9-2020-q2-update.win32_2.0.0.202105311346/tools/bin/../lib/gcc/arm-none-eabi/9.3.1/../../../../arm-none-eabi/lib/thumb/v7-m/nofp/crt0.o
 .data          0x0000000000000000        0x0 e:/cubeide/stm32cubeide_1.8.0/stm32cubeide/plugins/com.st.stm32cube.ide.mcu.externaltools.gnu-tools-for-stm32.9-2020-q2-update.win32_2.0.0.202105311346/tools/bin/../lib/gcc/arm-none-eabi/9.3.1/../../../../arm-none-eabi/lib/thumb/v7-m/nofp/crt0.o
[...]
Memory Configuration

Name             Origin             Length             Attributes
RAM              0x0000000020000000 0x0000000000002800 xrw
ROM              0x0000000008000000 0x0000000000008000 xr
addr             0x0000000020002000 0x0000000000000010 xrw
*default*        0x0000000000000000 0xffffffffffffffff

Linker script and memory map

LOAD e:/cubeide/stm32cubeide_1.8.0/stm32cubeide/plugins/com.st.stm32cube.ide.mcu.externaltools.gnu-tools-for-stm32.9-2020-q2-update.win32_2.0.0.202105311346/tools/bin/../lib/gcc/arm-none-eabi/9.3.1/thumb/v7-m/nofp/crti.o
LOAD e:/cubeide/stm32cubeide_1.8.0/stm32cubeide/plugins/com.st.stm32cube.ide.mcu.externaltools.gnu-tools-for-stm32.9-2020-q2-update.win32_2.0.0.202105311346/tools/bin/../lib/gcc/arm-none-eabi/9.3.1/thumb/v7-m/nofp/crtbegin.o
LOAD e:/cubeide/stm32cubeide_1.8.0/stm32cubeide/plugins/com.st.stm32cube.ide.mcu.externaltools.gnu-tools-for-stm32.9-2020-q2-update.win32_2.0.0.202105311346/tools/bin/../lib/gcc/arm-none-eabi/9.3.1/../../../../arm-none-eabi/lib/thumb/v7-m/nofp/crt0.o
LOAD ./FreeRTOS/Source/croutine.o
LOAD ./FreeRTOS/Source/event_groups.o
LOAD ./FreeRTOS/Source/list.o
LOAD ./FreeRTOS/Source/queue.o
LOAD ./FreeRTOS/Source/stream_buffer.o
LOAD ./FreeRTOS/Source/tasks.o
LOAD ./FreeRTOS/Source/timers.o
LOAD ./FreeRTOS/Source/portable/GCC/ARM_CM3/port.o
LOAD ./FreeRTOS/Source/portable/MemMang/heap_4.o
LOAD ./HAL/RockBlock/RockBlock.o
LOAD ./MCAL/EXTI/EXTI.o
LOAD ./MCAL/GPIO/GPIO.o
LOAD ./MCAL/RCC/RCC.o
LOAD ./MCAL/USART/USART.o
LOAD ./Src/main.o
LOAD ./Src/syscalls.o
LOAD ./Src/sysmem.o
LOAD ./Startup/startup_stm32f103c6tx.o
START GROUP
LOAD e:/cubeide/stm32cubeide_1.8.0/stm32cubeide/plugins/com.st.stm32cube.ide.mcu.externaltools.gnu-tools-for-stm32.9-2020-q2-update.win32_2.0.0.202105311346/tools/bin/../lib/gcc/arm-none-eabi/9.3.1/../../../../arm-none-eabi/lib/thumb/v7-m/nofp\libc_nano.a
LOAD e:/cubeide/stm32cubeide_1.8.0/stm32cubeide/plugins/com.st.stm32cube.ide.mcu.externaltools.gnu-tools-for-stm32.9-2020-q2-update.win32_2.0.0.202105311346/tools/bin/../lib/gcc/arm-none-eabi/9.3.1/../../../../arm-none-eabi/lib/thumb/v7-m/nofp\libm.a
END GROUP
START GROUP
LOAD e:/cubeide/stm32cubeide_1.8.0/stm32cubeide/plugins/com.st.stm32cube.ide.mcu.externaltools.gnu-tools-for-stm32.9-2020-q2-update.win32_2.0.0.202105311346/tools/bin/../lib/gcc/arm-none-eabi/9.3.1/thumb/v7-m/nofp\libgcc.a
LOAD e:/cubeide/stm32cubeide_1.8.0/stm32cubeide/plugins/com.st.stm32cube.ide.mcu.externaltools.gnu-tools-for-stm32.9-2020-q2-update.win32_2.0.0.202105311346/tools/bin/../lib/gcc/arm-none-eabi/9.3.1/../../../../arm-none-eabi/lib/thumb/v7-m/nofp\libc_nano.a
END GROUP
START GROUP
LOAD e:/cubeide/stm32cubeide_1.8.0/stm32cubeide/plugins/com.st.stm32cube.ide.mcu.externaltools.gnu-tools-for-stm32.9-2020-q2-update.win32_2.0.0.202105311346/tools/bin/../lib/gcc/arm-none-eabi/9.3.1/thumb/v7-m/nofp\libgcc.a
LOAD e:/cubeide/stm32cubeide_1.8.0/stm32cubeide/plugins/com.st.stm32cube.ide.mcu.externaltools.gnu-tools-for-stm32.9-2020-q2-update.win32_2.0.0.202105311346/tools/bin/../lib/gcc/arm-none-eabi/9.3.1/../../../../arm-none-eabi/lib/thumb/v7-m/nofp\libc_nano.a
LOAD e:/cubeide/stm32cubeide_1.8.0/stm32cubeide/plugins/com.st.stm32cube.ide.mcu.externaltools.gnu-tools-for-stm32.9-2020-q2-update.win32_2.0.0.202105311346/tools/bin/../lib/gcc/arm-none-eabi/9.3.1/../../../../arm-none-eabi/lib/thumb/v7-m/nofp\libnosys.a
END GROUP
START GROUP
LOAD e:/cubeide/stm32cubeide_1.8.0/stm32cubeide/plugins/com.st.stm32cube.ide.mcu.externaltools.gnu-tools-for-stm32.9-2020-q2-update.win32_2.0.0.202105311346/tools/bin/../lib/gcc/arm-none-eabi/9.3.1/thumb/v7-m/nofp\libgcc.a
LOAD e:/cubeide/stm32cubeide_1.8.0/stm32cubeide/plugins/com.st.stm32cube.ide.mcu.externaltools.gnu-tools-for-stm32.9-2020-q2-update.win32_2.0.0.202105311346/tools/bin/../lib/gcc/arm-none-eabi/9.3.1/../../../../arm-none-eabi/lib/thumb/v7-m/nofp\libc_nano.a
LOAD e:/cubeide/stm32cubeide_1.8.0/stm32cubeide/plugins/com.st.stm32cube.ide.mcu.externaltools.gnu-tools-for-stm32.9-2020-q2-update.win32_2.0.0.202105311346/tools/bin/../lib/gcc/arm-none-eabi/9.3.1/../../../../arm-none-eabi/lib/thumb/v7-m/nofp\libnosys.a
END GROUP
LOAD e:/cubeide/stm32cubeide_1.8.0/stm32cubeide/plugins/com.st.stm32cube.ide.mcu.externaltools.gnu-tools-for-stm32.9-2020-q2-update.win32_2.0.0.202105311346/tools/bin/../lib/gcc/arm-none-eabi/9.3.1/thumb/v7-m/nofp/crtend.o
LOAD e:/cubeide/stm32cubeide_1.8.0/stm32cubeide/plugins/com.st.stm32cube.ide.mcu.externaltools.gnu-tools-for-stm32.9-2020-q2-update.win32_2.0.0.202105311346/tools/bin/../lib/gcc/arm-none-eabi/9.3.1/thumb/v7-m/nofp/crtn.o
                0x0000000020002800                _estack = (ORIGIN (RAM) + LENGTH (RAM))
                0x0000000000000200                _Min_Heap_Size = 0x200
                0x0000000000000400                _Min_Stack_Size = 0x400
                0x0000000020002000                address_1 = 0x0

.isr_vector     0x0000000008000000      0x130
                0x0000000008000000                . = ALIGN (0x4)
 *(.isr_vector)
 .isr_vector    0x0000000008000000      0x130 ./Startup/startup_stm32f103c6tx.o
                0x0000000008000000                g_pfnVectors
                0x0000000008000130                . = ALIGN (0x4)

.text           0x0000000008000130     0x3710
                0x0000000008000130                . = ALIGN (0x4)
 *(.text)
 .text          0x0000000008000130       0x40 e:/cubeide/stm32cubeide_1.8.0/stm32cubeide/plugins/com.st.stm32cube.ide.mcu.externaltools.gnu-tools-for-stm32.9-2020-q2-update.win32_2.0.0.202105311346/tools/bin/../lib/gcc/arm-none-eabi/9.3.1/thumb/v7-m/nofp/crtbegin.o
 *(.text*)
 .text.vListInitialise
                0x0000000008000170       0x3e ./FreeRTOS/Source/list.o
                0x0000000008000170                vListInitialise
 .text.vListInitialiseItem
                0x00000000080001ae       0x18 ./FreeRTOS/Source/list.o
                0x00000000080001ae                vListInitialiseItem
 .text.vListInsertEnd
                0x00000000080001c6       0x46 ./FreeRTOS/Source/list.o
                0x00000000080001c6                vListInsertEnd
 .text.vListInsert
                0x000000000800020c       0x70 ./FreeRTOS/Source/list.o
                0x000000000800020c                vListInsert
 .text.uxListRemove
                0x000000000800027c       0x52 ./FreeRTOS/Source/list.o
                0x000000000800027c                uxListRemove
 *fill*         0x00000000080002ce        0x2 
 .text.xQueueGenericReset
                0x00000000080002d0       0xd0 ./FreeRTOS/Source/queue.o
                0x00000000080002d0                xQueueGenericReset
 .text.xQueueGenericCreate
                0x00000000080003a0       0x74 ./FreeRTOS/Source/queue.o
                0x00000000080003a0                xQueueGenericCreate
 .text.prvInitialiseNewQueue
                0x0000000008000414       0x46 ./FreeRTOS/Source/queue.o
 *fill*         0x000000000800045a        0x2 
 .text.xQueueGenericSend
                0x000000000800045c      0x1fc ./FreeRTOS/Source/queue.o
                0x000000000800045c                xQueueGenericSend
 .text.xQueueGenericSendFromISR
                0x0000000008000658      0x130 ./FreeRTOS/Source/queue.o
                0x0000000008000658                xQueueGenericSendFromISR
 .text.xQueueReceive
                0x0000000008000788      0x1c0 ./FreeRTOS/Source/queue.o
                0x0000000008000788                xQueueReceive
 .text.prvCopyDataToQueue
                0x0000000008000948       0xd4 ./FreeRTOS/Source/queue.o
 .text.prvCopyDataFromQueue
                0x0000000008000a1c       0x4c ./FreeRTOS/Source/queue.o
 .text.prvUnlockQueue
                0x0000000008000a68       0xa4 ./FreeRTOS/Source/queue.o
 .text.prvIsQueueEmpty
                0x0000000008000b0c       0x2c ./FreeRTOS/Source/queue.o
 .text.prvIsQueueFull
                0x0000000008000b38       0x30 ./FreeRTOS/Source/queue.o
 .text.vQueueAddToRegistry
                0x0000000008000b68       0x50 ./FreeRTOS/Source/queue.o
                0x0000000008000b68                vQueueAddToRegistry
 .text.vQueueWaitForMessageRestricted
                0x0000000008000bb8       0x68 ./FreeRTOS/Source/queue.o
                0x0000000008000bb8                vQueueWaitForMessageRestricted
 .text.xTaskCreate
                0x0000000008000c20       0x82 ./FreeRTOS/Source/tasks.o
                0x0000000008000c20                xTaskCreate
 .text.prvInitialiseNewTask
                0x0000000008000ca2      0x10e ./FreeRTOS/Source/tasks.o
 .text.prvAddNewTaskToReadyList
                0x0000000008000db0       0xe0 ./FreeRTOS/Source/tasks.o
 .text.vTaskDelay
                0x0000000008000e90       0x68 ./FreeRTOS/Source/tasks.o
                0x0000000008000e90                vTaskDelay
 .text.vTaskStartScheduler
                0x0000000008000ef8       0x9c ./FreeRTOS/Source/tasks.o
                0x0000000008000ef8                vTaskStartScheduler
 .text.vTaskSuspendAll
                0x0000000008000f94       0x1c ./FreeRTOS/Source/tasks.o
                0x0000000008000f94                vTaskSuspendAll
 .text.xTaskResumeAll
                0x0000000008000fb0      0x13c ./FreeRTOS/Source/tasks.o
                0x0000000008000fb0                xTaskResumeAll
 .text.xTaskGetTickCount
                0x00000000080010ec       0x1c ./FreeRTOS/Source/tasks.o
                0x00000000080010ec                xTaskGetTickCount
 .text.xTaskIncrementTick
                0x0000000008001108      0x17c ./FreeRTOS/Source/tasks.o
                0x0000000008001108                xTaskIncrementTick
 .text.vTaskSwitchContext
                0x0000000008001284       0xb8 ./FreeRTOS/Source/tasks.o
                0x0000000008001284                vTaskSwitchContext
 .text.vTaskPlaceOnEventList
                0x000000000800133c       0x48 ./FreeRTOS/Source/tasks.o
                0x000000000800133c                vTaskPlaceOnEventList
 .text.vTaskPlaceOnEventListRestricted
                0x0000000008001384       0x58 ./FreeRTOS/Source/tasks.o
                0x0000000008001384                vTaskPlaceOnEventListRestricted
 .text.xTaskRemoveFromEventList
                0x00000000080013dc       0xc8 ./FreeRTOS/Source/tasks.o
                0x00000000080013dc                xTaskRemoveFromEventList
 .text.vTaskInternalSetTimeOutState
                0x00000000080014a4       0x2c ./FreeRTOS/Source/tasks.o
                0x00000000080014a4                vTaskInternalSetTimeOutState
 .text.xTaskCheckForTimeOut
                0x00000000080014d0       0xc4 ./FreeRTOS/Source/tasks.o
                0x00000000080014d0                xTaskCheckForTimeOut
 .text.vTaskMissedYield
                0x0000000008001594       0x18 ./FreeRTOS/Source/tasks.o
                0x0000000008001594                vTaskMissedYield
 .text.prvIdleTask
                0x00000000080015ac       0x30 ./FreeRTOS/Source/tasks.o
 .text.prvInitialiseTaskLists
                0x00000000080015dc       0x80 ./FreeRTOS/Source/tasks.o
 .text.prvCheckTasksWaitingTermination
                0x000000000800165c       0x5c ./FreeRTOS/Source/tasks.o
 .text.prvDeleteTCB
                0x00000000080016b8       0x20 ./FreeRTOS/Source/tasks.o
 .text.prvResetNextTaskUnblockTime
                0x00000000080016d8       0x48 ./FreeRTOS/Source/tasks.o
 .text.xTaskGetSchedulerState
                0x0000000008001720       0x3c ./FreeRTOS/Source/tasks.o
                0x0000000008001720                xTaskGetSchedulerState
 .text.xTaskPriorityDisinherit
                0x000000000800175c       0xdc ./FreeRTOS/Source/tasks.o
                0x000000000800175c                xTaskPriorityDisinherit
 .text.xTaskNotifyWait
                0x0000000008001838       0xb4 ./FreeRTOS/Source/tasks.o
                0x0000000008001838                xTaskNotifyWait
 .text.xTaskGenericNotify
                0x00000000080018ec      0x148 ./FreeRTOS/Source/tasks.o
                0x00000000080018ec                xTaskGenericNotify
 .text.prvAddCurrentTaskToDelayedList
                0x0000000008001a34       0xa8 ./FreeRTOS/Source/tasks.o
 .text.xTimerCreateTimerTask
                0x0000000008001adc       0x64 ./FreeRTOS/Source/timers.o
                0x0000000008001adc                xTimerCreateTimerTask
 .text.xTimerGenericCommand
                0x0000000008001b40       0x9c ./FreeRTOS/Source/timers.o
                0x0000000008001b40                xTimerGenericCommand
 .text.prvProcessExpiredTimer
                0x0000000008001bdc       0x80 ./FreeRTOS/Source/timers.o
 .text.prvTimerTask
                0x0000000008001c5c       0x24 ./FreeRTOS/Source/timers.o
 .text.prvProcessTimerOrBlockTask
                0x0000000008001c80       0x9c ./FreeRTOS/Source/timers.o
 .text.prvGetNextExpireTime
                0x0000000008001d1c       0x48 ./FreeRTOS/Source/timers.o
 .text.prvSampleTimeNow
                0x0000000008001d64       0x40 ./FreeRTOS/Source/timers.o
 .text.prvInsertTimerInActiveList
                0x0000000008001da4       0x84 ./FreeRTOS/Source/timers.o
 .text.prvProcessReceivedCommands
                0x0000000008001e28      0x160 ./FreeRTOS/Source/timers.o
 .text.prvSwitchTimerLists
                0x0000000008001f88       0xc4 ./FreeRTOS/Source/timers.o
 .text.prvCheckForValidListAndQueue
                0x000000000800204c       0x6c ./FreeRTOS/Source/timers.o
 .text.pxPortInitialiseStack
                0x00000000080020b8       0x58 ./FreeRTOS/Source/portable/GCC/ARM_CM3/port.o
                0x00000000080020b8                pxPortInitialiseStack
 .text.prvTaskExitError
                0x0000000008002110       0x58 ./FreeRTOS/Source/portable/GCC/ARM_CM3/port.o
 *fill*         0x0000000008002168        0x8 
 .text.SVC_Handler
                0x0000000008002170       0x28 ./FreeRTOS/Source/portable/GCC/ARM_CM3/port.o
                0x0000000008002170                SVC_Handler
 .text.prvPortStartFirstTask
                0x0000000008002198       0x20 ./FreeRTOS/Source/portable/GCC/ARM_CM3/port.o
 .text.xPortStartScheduler
                0x00000000080021b8       0xe4 ./FreeRTOS/Source/portable/GCC/ARM_CM3/port.o
                0x00000000080021b8                xPortStartScheduler
 .text.vPortEnterCritical
                0x000000000800229c       0x60 ./FreeRTOS/Source/portable/GCC/ARM_CM3/port.o
                0x000000000800229c                vPortEnterCritical
 .text.vPortExitCritical
                0x00000000080022fc       0x50 ./FreeRTOS/Source/portable/GCC/ARM_CM3/port.o
                0x00000000080022fc                vPortExitCritical
 *fill*         0x000000000800234c        0x4 
 .text.PendSV_Handler
                0x0000000008002350       0x48 ./FreeRTOS/Source/portable/GCC/ARM_CM3/port.o
                0x0000000008002350                PendSV_Handler
 .text.SysTick_Handler
                0x0000000008002398       0x44 ./FreeRTOS/Source/portable/GCC/ARM_CM3/port.o
                0x0000000008002398                SysTick_Handler
 .text.vPortSetupTimerInterrupt
                0x00000000080023dc       0x34 ./FreeRTOS/Source/portable/GCC/ARM_CM3/port.o
                0x00000000080023dc                vPortSetupTimerInterrupt
 .text.vPortValidateInterruptPriority
                0x0000000008002410       0x7c ./FreeRTOS/Source/portable/GCC/ARM_CM3/port.o
                0x0000000008002410                vPortValidateInterruptPriority
 .text.pvPortMalloc
                0x000000000800248c      0x188 ./FreeRTOS/Source/portable/MemMang/heap_4.o
                0x000000000800248c                pvPortMalloc
 .text.vPortFree
                0x0000000008002614       0xb4 ./FreeRTOS/Source/portable/MemMang/heap_4.o
                0x0000000008002614                vPortFree
 .text.prvHeapInit
                0x00000000080026c8       0xc4 ./FreeRTOS/Source/portable/MemMang/heap_4.o
 .text.prvInsertBlockIntoFreeList
                0x000000000800278c       0xb0 ./FreeRTOS/Source/portable/MemMang/heap_4.o
 .text.HAL_Usart_RockBlock__Init
                0x000000000800283c       0x48 ./HAL/RockBlock/RockBlock.o
                0x000000000800283c                HAL_Usart_RockBlock__Init
 .text.HAL_ROCKBLOCK_Send_ALERT
                0x0000000008002884       0x54 ./HAL/RockBlock/RockBlock.o
                0x0000000008002884                HAL_ROCKBLOCK_Send_ALERT
 .text.EXTI0_IRQHandler
                0x00000000080028d8       0x24 ./MCAL/EXTI/EXTI.o
                0x00000000080028d8                EXTI0_IRQHandler
 .text.EXTI1_IRQHandler
                0x00000000080028fc       0x24 ./MCAL/EXTI/EXTI.o
                0x00000000080028fc                EXTI1_IRQHandler
 .text.EXTI2_IRQHandler
                0x0000000008002920       0x24 ./MCAL/EXTI/EXTI.o
                0x0000000008002920                EXTI2_IRQHandler
 .text.EXTI3_IRQHandler
                0x0000000008002944       0x24 ./MCAL/EXTI/EXTI.o
                0x0000000008002944                EXTI3_IRQHandler
 .text.EXTI4_IRQHandler
                0x0000000008002968       0x24 ./MCAL/EXTI/EXTI.o
                0x0000000008002968                EXTI4_IRQHandler
 .text.EXTI9_5_IRQHandler
                0x000000000800298c       0xa8 ./MCAL/EXTI/EXTI.o
                0x000000000800298c                EXTI9_5_IRQHandler
 .text.EXTI15_10_IRQHandler
                0x0000000008002a34       0xa8 ./MCAL/EXTI/EXTI.o
                0x0000000008002a34                EXTI15_10_IRQHandler
 .text.GPIO_CRLH_GetPosition
                0x0000000008002adc      0x16c ./MCAL/GPIO/GPIO.o
 .text.MCAL_GPIO_Init
                0x0000000008002c48      0x15e ./MCAL/GPIO/GPIO.o
                0x0000000008002c48                MCAL_GPIO_Init
 .text.MCAL_GPIO_ReadPin
                0x0000000008002da6       0x28 ./MCAL/GPIO/GPIO.o
                0x0000000008002da6                MCAL_GPIO_ReadPin
 .text.MCAL_GPIO_WritePin
                0x0000000008002dce       0x3c ./MCAL/GPIO/GPIO.o
                0x0000000008002dce                MCAL_GPIO_WritePin
 *fill*         0x0000000008002e0a        0x2 
 .text.MCAL_RCC_Get_SysClk_Freq
                0x0000000008002e0c       0x40 ./MCAL/RCC/RCC.o
                0x0000000008002e0c                MCAL_RCC_Get_SysClk_Freq
 .text.MCAL_RCC_Get_HClk_Freq
                0x0000000008002e4c       0xb8 ./MCAL/RCC/RCC.o
                0x0000000008002e4c                MCAL_RCC_Get_HClk_Freq
 .text.MCAL_RCC_Get_PClk1_Freq
                0x0000000008002f04       0x7c ./MCAL/RCC/RCC.o
                0x0000000008002f04                MCAL_RCC_Get_PClk1_Freq
 .text.MCAL_RCC_Get_PClk2_Freq
                0x0000000008002f80       0x7c ./MCAL/RCC/RCC.o
                0x0000000008002f80                MCAL_RCC_Get_PClk2_Freq
 .text.MCAL_USART_Init
                0x0000000008002ffc      0x194 ./MCAL/USART/USART.o
                0x0000000008002ffc                MCAL_USART_Init
 .text.MCAL_USART_GPIO_Pins
                0x0000000008003190      0x118 ./MCAL/USART/USART.o
                0x0000000008003190                MCAL_USART_GPIO_Pins
 .text.MCAL_USART_Send_Data
                0x00000000080032a8       0xe4 ./MCAL/USART/USART.o
                0x00000000080032a8                MCAL_USART_Send_Data
 .text.MCAL_USART_Receive_Data
                0x000000000800338c      0x16c ./MCAL/USART/USART.o
                0x000000000800338c                MCAL_USART_Receive_Data
 .text.USART1_IRQHandler
                0x00000000080034f8       0x14 ./MCAL/USART/USART.o
                0x00000000080034f8                USART1_IRQHandler
 .text.USART2_IRQHandler
                0x000000000800350c       0x14 ./MCAL/USART/USART.o
                0x000000000800350c                USART2_IRQHandler
 .text.USART3_IRQHandler
                0x0000000008003520       0x14 ./MCAL/USART/USART.o
                0x0000000008003520                USART3_IRQHandler
 .text.ROCKBLOCK_Call_Back
                0x0000000008003534       0x7c ./Src/main.o
                0x0000000008003534                ROCKBLOCK_Call_Back
 .text.main     0x00000000080035b0       0x50 ./Src/main.o
                0x00000000080035b0                main
 .text.Relay_Task
                0x0000000008003600       0x80 ./Src/main.o
                0x0000000008003600                Relay_Task
 .text.check_system_x
                0x0000000008003680       0x28 ./Src/main.o
                0x0000000008003680                check_system_x
 .text.string_compare
                0x00000000080036a8       0x76 ./Src/main.o
                0x00000000080036a8                string_compare
 *fill*         0x000000000800371e        0x2 
 .text.GPIO_Init
                0x0000000008003720       0x40 ./Src/main.o
                0x0000000008003720                GPIO_Init
 .text.Reset_Handler
                0x0000000008003760       0x50 ./Startup/startup_stm32f103c6tx.o
                0x0000000008003760                Reset_Handler
 .text.Default_Handler
                0x00000000080037b0        0x2 ./Startup/startup_stm32f103c6tx.o
                0x00000000080037b0                TIM8_TRG_COM_IRQHandler
                0x00000000080037b0                TIM8_CC_IRQHandler
                0x00000000080037b0                DebugMon_Handler
                0x00000000080037b0                TIM1_CC_IRQHandler
                0x00000000080037b0                HardFault_Handler
                0x00000000080037b0                TIM6_IRQHandler
                0x00000000080037b0                PVD_IRQHandler
                0x00000000080037b0                SDIO_IRQHandler
                0x00000000080037b0                NMI_Handler
                0x00000000080037b0                USB_HP_CAN_TX_IRQHandler
                0x00000000080037b0                I2C2_EV_IRQHandler
                0x00000000080037b0                UsageFault_Handler
                0x00000000080037b0                ADC1_2_IRQHandler
                0x00000000080037b0                SPI1_IRQHandler
                0x00000000080037b0                CAN_SCE_IRQHandler
                0x00000000080037b0                TAMPER_IRQHandler
                0x00000000080037b0                TIM8_UP_IRQHandler
                0x00000000080037b0                DMA2_Channel2_IRQHandler
                0x00000000080037b0                DMA1_Channel4_IRQHandler
                0x00000000080037b0                RTC_IRQHandler
                0x00000000080037b0                DMA1_Channel7_IRQHandler
                0x00000000080037b0                UART5_IRQHandler
                0x00000000080037b0                ADC3_IRQHandler
                0x00000000080037b0                TIM4_IRQHandler
                0x00000000080037b0                CAN_RX1_IRQHandler
                0x00000000080037b0                DMA2_Channel1_IRQHandler
                0x00000000080037b0                I2C1_EV_IRQHandler
                0x00000000080037b0                DMA1_Channel6_IRQHandler
                0x00000000080037b0                UART4_IRQHandler
                0x00000000080037b0                TIM3_IRQHandler
                0x00000000080037b0                RCC_IRQHandler
                0x00000000080037b0                TIM1_TRG_COM_IRQHandler
                0x00000000080037b0                DMA1_Channel1_IRQHandler
                0x00000000080037b0                Default_Handler
                0x00000000080037b0                TIM7_IRQHandler
                0x00000000080037b0                TIM5_IRQHandler
                0x00000000080037b0                SPI2_IRQHandler
                0x00000000080037b0                USB_LP_CAN_RX0_IRQHandler
                0x00000000080037b0                MemManage_Handler
                0x00000000080037b0                DMA1_Channel5_IRQHandler
                0x00000000080037b0                DMA1_Channel3_IRQHandler
                0x00000000080037b0                FSMC_IRQHandler
                0x00000000080037b0                TIM1_UP_IRQHandler
                0x00000000080037b0                WWDG_IRQHandler
                0x00000000080037b0                TIM2_IRQHandler
                0x00000000080037b0                TIM1_BRK_IRQHandler
                0x00000000080037b0                RTCAlarm_IRQHandler
                0x00000000080037b0                DMA2_Channel4_5_IRQHandler
                0x00000000080037b0                I2C2_ER_IRQHandler
                0x00000000080037b0                DMA1_Channel2_IRQHandler
                0x00000000080037b0                TIM8_BRK_IRQHandler
                0x00000000080037b0                FLASH_IRQHandler
                0x00000000080037b0                BusFault_Handler
                0x00000000080037b0                SPI3_IRQHandler
                0x00000000080037b0                I2C1_ER_IRQHandler
                0x00000000080037b0                DMA2_Channel3_IRQHandler
 *fill*         0x00000000080037b2        0x2 
 .text.__libc_init_array
                0x00000000080037b4       0x48 e:/cubeide/stm32cubeide_1.8.0/stm32cubeide/plugins/com.st.stm32cube.ide.mcu.externaltools.gnu-tools-for-stm32.9-2020-q2-update.win32_2.0.0.202105311346/tools/bin/../lib/gcc/arm-none-eabi/9.3.1/../../../../arm-none-eabi/lib/thumb/v7-m/nofp\libc_nano.a(lib_a-init.o)
                0x00000000080037b4                __libc_init_array
 .text.memcpy   0x00000000080037fc       0x1c e:/cubeide/stm32cubeide_1.8.0/stm32cubeide/plugins/com.st.stm32cube.ide.mcu.externaltools.gnu-tools-for-stm32.9-2020-q2-update.win32_2.0.0.202105311346/tools/bin/../lib/gcc/arm-none-eabi/9.3.1/../../../../arm-none-eabi/lib/thumb/v7-m/nofp\libc_nano.a(lib_a-memcpy-stub.o)
                0x00000000080037fc                memcpy
 .text.memset   0x0000000008003818       0x10 e:/cubeide/stm32cubeide_1.8.0/stm32cubeide/plugins/com.st.stm32cube.ide.mcu.externaltools.gnu-tools-for-stm32.9-2020-q2-update.win32_2.0.0.202105311346/tools/bin/../lib/gcc/arm-none-eabi/9.3.1/../../../../arm-none-eabi/lib/thumb/v7-m/nofp\libc_nano.a(lib_a-memset.o)
                0x0000000008003818                memset
 *(.glue_7)
 .glue_7        0x0000000008003828        0x0 linker stubs
 *(.glue_7t)
 .glue_7t       0x0000000008003828        0x0 linker stubs
 *(.eh_frame)
 .eh_frame      0x0000000008003828        0x0 e:/cubeide/stm32cubeide_1.8.0/stm32cubeide/plugins/com.st.stm32cube.ide.mcu.externaltools.gnu-tools-for-stm32.9-2020-q2-update.win32_2.0.0.202105311346/tools/bin/../lib/gcc/arm-none-eabi/9.3.1/thumb/v7-m/nofp/crtbegin.o
 *(.init)
 .init          0x0000000008003828        0x4 e:/cubeide/stm32cubeide_1.8.0/stm32cubeide/plugins/com.st.stm32cube.ide.mcu.externaltools.gnu-tools-for-stm32.9-2020-q2-update.win32_2.0.0.202105311346/tools/bin/../lib/gcc/arm-none-eabi/9.3.1/thumb/v7-m/nofp/crti.o
                0x0000000008003828                _init
 .init          0x000000000800382c        0x8 e:/cubeide/stm32cubeide_1.8.0/stm32cubeide/plugins/com.st.stm32cube.ide.mcu.externaltools.gnu-tools-for-stm32.9-2020-q2-update.win32_2.0.0.202105311346/tools/bin/../lib/gcc/arm-none-eabi/9.3.1/thumb/v7-m/nofp/crtn.o
 *(.fini)
 .fini          0x0000000008003834        0x4 e:/cubeide/stm32cubeide_1.8.0/stm32cubeide/plugins/com.st.stm32cube.ide.mcu.externaltools.gnu-tools-for-stm32.9-2020-q2-update.win32_2.0.0.202105311346/tools/bin/../lib/gcc/arm-none-eabi/9.3.1/thumb/v7-m/nofp/crti.o
                0x0000000008003834                _fini
 .fini          0x0000000008003838        0x8 e:/cubeide/stm32cubeide_1.8.0/stm32cubeide/plugins/com.st.stm32cube.ide.mcu.externaltools.gnu-tools-for-stm32.9-2020-q2-update.win32_2.0.0.202105311346/tools/bin/../lib/gcc/arm-none-eabi/9.3.1/thumb/v7-m/nofp/crtn.o
                0x0000000008003840                . = ALIGN (0x4)
                0x0000000008003840                _etext = .

.vfp11_veneer   0x0000000008003840        0x0
 .vfp11_veneer  0x0000000008003840        0x0 linker stubs

.v4_bx          0x0000000008003840        0x0
 .v4_bx         0x0000000008003840        0x0 linker stubs

.iplt           0x0000000008003840        0x0
 .iplt          0x0000000008003840        0x0 e:/cubeide/stm32cubeide_1.8.0/stm32cubeide/plugins/com.st.stm32cube.ide.mcu.externaltools.gnu-tools-for-stm32.9-2020-q2-update.win32_2.0.0.202105311346/tools/bin/../lib/gcc/arm-none-eabi/9.3.1/thumb/v7-m/nofp/crtbegin.o

.rodata         0x0000000008003840       0x60
                0x0000000008003840                . = ALIGN (0x4)
 *(.rodata)
 .rodata        0x0000000008003840        0x5 ./FreeRTOS/Source/tasks.o
 *fill*         0x0000000008003845        0x3 
 .rodata        0x0000000008003848        0xd ./FreeRTOS/Source/timers.o
 *fill*         0x0000000008003855        0x3 
 .rodata        0x0000000008003858        0xc ./HAL/RockBlock/RockBlock.o
 .rodata        0x0000000008003864       0x3c ./Src/main.o
 *(.rodata*)
                0x00000000080038a0                . = ALIGN (0x4)

.rel.dyn        0x00000000080038a0        0x0
 .rel.iplt      0x00000000080038a0        0x0 e:/cubeide/stm32cubeide_1.8.0/stm32cubeide/plugins/com.st.stm32cube.ide.mcu.externaltools.gnu-tools-for-stm32.9-2020-q2-update.win32_2.0.0.202105311346/tools/bin/../lib/gcc/arm-none-eabi/9.3.1/thumb/v7-m/nofp/crtbegin.o

.ARM.extab      0x00000000080038a0        0x0
                0x00000000080038a0                . = ALIGN (0x4)
 *(.ARM.extab* .gnu.linkonce.armextab.*)
                0x00000000080038a0                . = ALIGN (0x4)

.ARM            0x00000000080038a0        0x0
                0x00000000080038a0                . = ALIGN (0x4)
                0x00000000080038a0                __exidx_start = .
 *(.ARM.exidx*)
                0x00000000080038a0                __exidx_end = .
                0x00000000080038a0                . = ALIGN (0x4)

.preinit_array  0x00000000080038a0        0x0
                0x00000000080038a0                . = ALIGN (0x4)
                0x00000000080038a0                PROVIDE (__preinit_array_start = .)
 *(.preinit_array*)
                0x00000000080038a0                PROVIDE (__preinit_array_end = .)
                0x00000000080038a0                . = ALIGN (0x4)

.init_array     0x00000000080038a0        0x4
                0x00000000080038a0                . = ALIGN (0x4)
                0x00000000080038a0                PROVIDE (__init_array_start = .)
 *(SORT_BY_NAME(.init_array.*))
 *(.init_array*)
 .init_array    0x00000000080038a0        0x4 e:/cubeide/stm32cubeide_1.8.0/stm32cubeide/plugins/com.st.stm32cube.ide.mcu.externaltools.gnu-tools-for-stm32.9-2020-q2-update.win32_2.0.0.202105311346/tools/bin/../lib/gcc/arm-none-eabi/9.3.1/thumb/v7-m/nofp/crtbegin.o
                0x00000000080038a4                PROVIDE (__init_array_end = .)
                0x00000000080038a4                . = ALIGN (0x4)

.fini_array     0x00000000080038a4        0x4
                0x00000000080038a4                . = ALIGN (0x4)
                [!provide]                        PROVIDE (__fini_array_start = .)
 *(SORT_BY_NAME(.fini_array.*))
 *(.fini_array*)
 .fini_array    0x00000000080038a4        0x4 e:/cubeide/stm32cubeide_1.8.0/stm32cubeide/plugins/com.st.stm32cube.ide.mcu.externaltools.gnu-tools-for-stm32.9-2020-q2-update.win32_2.0.0.202105311346/tools/bin/../lib/gcc/arm-none-eabi/9.3.1/thumb/v7-m/nofp/crtbegin.o
                [!provide]                        PROVIDE (__fini_array_end = .)
                0x00000000080038a8                . = ALIGN (0x4)
                0x00000000080038a8                _sidata = LOADADDR (.data)

.data           0x0000000020000000        0x4 load address 0x00000000080038a8
                0x0000000020000000                . = ALIGN (0x4)
                0x0000000020000000                _sdata = .
 *(.data)
 *(.data*)
 .data.uxCriticalNesting
                0x0000000020000000        0x4 ./FreeRTOS/Source/portable/GCC/ARM_CM3/port.o
                0x0000000020000004                . = ALIGN (0x4)
                0x0000000020000004                _edata = .

.igot.plt       0x0000000020000004        0x0 load address 0x00000000080038ac
 .igot.plt      0x0000000020000004        0x0 e:/cubeide/stm32cubeide_1.8.0/stm32cubeide/plugins/com.st.stm32cube.ide.mcu.externaltools.gnu-tools-for-stm32.9-2020-q2-update.win32_2.0.0.202105311346/tools/bin/../lib/gcc/arm-none-eabi/9.3.1/thumb/v7-m/nofp/crtbegin.o
                0x0000000020000004                . = ALIGN (0x4)

.bss            0x0000000020000004     0x121c load address 0x00000000080038ac
                0x0000000020000004                _sbss = .
                0x0000000020000004                __bss_start__ = _sbss
 *(.bss)
 .bss           0x0000000020000004       0x1c e:/cubeide/stm32cubeide_1.8.0/stm32cubeide/plugins/com.st.stm32cube.ide.mcu.externaltools.gnu-tools-for-stm32.9-2020-q2-update.win32_2.0.0.202105311346/tools/bin/../lib/gcc/arm-none-eabi/9.3.1/thumb/v7-m/nofp/crtbegin.o
 *(.bss*)
 .bss.pxCurrentTCB
                0x0000000020000020        0x4 ./FreeRTOS/Source/tasks.o
                0x0000000020000020                pxCurrentTCB
 .bss.pxReadyTasksLists
                0x0000000020000024      0x460 ./FreeRTOS/Source/tasks.o
 .bss.xDelayedTaskList1
                0x0000000020000484       0x14 ./FreeRTOS/Source/tasks.o
 .bss.xDelayedTaskList2
                0x0000000020000498       0x14 ./FreeRTOS/Source/tasks.o
 .bss.pxDelayedTaskList
                0x00000000200004ac        0x4 ./FreeRTOS/Source/tasks.o
 .bss.pxOverflowDelayedTaskList
                0x00000000200004b0        0x4 ./FreeRTOS/Source/tasks.o
 .bss.xPendingReadyList
                0x00000000200004b4       0x14 ./FreeRTOS/Source/tasks.o
 .bss.xTasksWaitingTermination
                0x00000000200004c8       0x14 ./FreeRTOS/Source/tasks.o
 .bss.uxDeletedTasksWaitingCleanUp
                0x00000000200004dc        0x4 ./FreeRTOS/Source/tasks.o
 .bss.xSuspendedTaskList
                0x00000000200004e0       0x14 ./FreeRTOS/Source/tasks.o
 .bss.uxCurrentNumberOfTasks
                0x00000000200004f4        0x4 ./FreeRTOS/Source/tasks.o
 .bss.xTickCount
                0x00000000200004f8        0x4 ./FreeRTOS/Source/tasks.o
 .bss.uxTopReadyPriority
                0x00000000200004fc        0x4 ./FreeRTOS/Source/tasks.o
 .bss.xSchedulerRunning
                0x0000000020000500        0x4 ./FreeRTOS/Source/tasks.o
 .bss.uxPendedTicks
                0x0000000020000504        0x4 ./FreeRTOS/Source/tasks.o
 .bss.xYieldPending
                0x0000000020000508        0x4 ./FreeRTOS/Source/tasks.o
 .bss.xNumOfOverflows
                0x000000002000050c        0x4 ./FreeRTOS/Source/tasks.o
 .bss.uxTaskNumber
                0x0000000020000510        0x4 ./FreeRTOS/Source/tasks.o
 .bss.xNextTaskUnblockTime
                0x0000000020000514        0x4 ./FreeRTOS/Source/tasks.o
 .bss.xIdleTaskHandle
                0x0000000020000518        0x4 ./FreeRTOS/Source/tasks.o
 .bss.uxSchedulerSuspended
                0x000000002000051c        0x4 ./FreeRTOS/Source/tasks.o
 .bss.xActiveTimerList1
                0x0000000020000520       0x14 ./FreeRTOS/Source/timers.o
 .bss.xActiveTimerList2
                0x0000000020000534       0x14 ./FreeRTOS/Source/timers.o
 .bss.pxCurrentTimerList
                0x0000000020000548        0x4 ./FreeRTOS/Source/timers.o
 .bss.pxOverflowTimerList
                0x000000002000054c        0x4 ./FreeRTOS/Source/timers.o
 .bss.xTimerQueue
                0x0000000020000550        0x4 ./FreeRTOS/Source/timers.o
 .bss.xTimerTaskHandle
                0x0000000020000554        0x4 ./FreeRTOS/Source/timers.o
 .bss.xLastTime.5479
                0x0000000020000558        0x4 ./FreeRTOS/Source/timers.o
 .bss.ucMaxSysCallPriority
                0x000000002000055c        0x1 ./FreeRTOS/Source/portable/GCC/ARM_CM3/port.o
 *fill*         0x000000002000055d        0x3 
 .bss.ulMaxPRIGROUPValue
                0x0000000020000560        0x4 ./FreeRTOS/Source/portable/GCC/ARM_CM3/port.o
 .bss.ucHeap    0x0000000020000564      0xc00 ./FreeRTOS/Source/portable/MemMang/heap_4.o
 .bss.xStart    0x0000000020001164        0x8 ./FreeRTOS/Source/portable/MemMang/heap_4.o
 .bss.pxEnd     0x000000002000116c        0x4 ./FreeRTOS/Source/portable/MemMang/heap_4.o
 .bss.xFreeBytesRemaining
                0x0000000020001170        0x4 ./FreeRTOS/Source/portable/MemMang/heap_4.o
 .bss.xMinimumEverFreeBytesRemaining
                0x0000000020001174        0x4 ./FreeRTOS/Source/portable/MemMang/heap_4.o
 .bss.xBlockAllocatedBit
                0x0000000020001178        0x4 ./FreeRTOS/Source/portable/MemMang/heap_4.o
 .bss.g_USART_Cfg
                0x000000002000117c        0xc ./MCAL/USART/USART.o
                0x000000002000117c                g_USART_Cfg
 .bss.Relay_Task_Handle
                0x0000000020001188        0x4 ./Src/main.o
                0x0000000020001188                Relay_Task_Handle
 .bss.i.5305    0x000000002000118c        0x1 ./Src/main.o
 *(COMMON)
 *fill*         0x000000002000118d        0x3 
 COMMON         0x0000000020001190       0x40 ./FreeRTOS/Source/queue.o
                0x0000000020001190                xQueueRegistry
 COMMON         0x00000000200011d0       0x3c ./MCAL/EXTI/EXTI.o
                0x00000000200011d0                GP_IRQ_CallBack
 COMMON         0x000000002000120c       0x12 ./Src/main.o
                0x000000002000120c                String_Data
                0x000000002000121c                ch
                0x0000000020001220                . = ALIGN (0x4)
 *fill*         0x000000002000121e        0x2 
                0x0000000020001220                _ebss = .
                0x0000000020001220                __bss_end__ = _ebss

._user_heap_stack
                0x0000000020001220      0x600 load address 0x00000000080038ac
                0x0000000020001220                . = ALIGN (0x8)
                [!provide]                        PROVIDE (end = .)
                0x0000000020001220                PROVIDE (_end = .)
                0x0000000020001420                . = (. + _Min_Heap_Size)
 *fill*         0x0000000020001220      0x200 
                0x0000000020001820                . = (. + _Min_Stack_Size)
 *fill*         0x0000000020001420      0x400 
                0x0000000020001820                . = ALIGN (0x8)

.try_address    0x0000000020002000        0x0
                0x0000000020002000                address_1 = .
                0x0000000020002004                address_2 = (. + 0x4)
                0x0000000020002004                address_3 = (. + 0x4)

/DISCARD/
 libc.a(*)
 libm.a(*)
 libgcc.a(*)

.ARM.attributes
                0x0000000000000000       0x29
 *(.ARM.attributes)
 .ARM.attributes
                0x0000000000000000       0x1d e:/cubeide/stm32cubeide_1.8.0/stm32cubeide/plugins/com.st.stm32cube.ide.mcu.externaltools.gnu-tools-for-stm32.9-2020-q2-update.win32_2.0.0.202105311346/tools/bin/../lib/gcc/arm-none-eabi/9.3.1/thumb/v7-m/nofp/crti.o
 .ARM.attributes
                0x000000000000001d       0x2d e:/cubeide/stm32cubeide_1.8.0/stm32cubeide/plugins/com.st.stm32cube.ide.mcu.externaltools.gnu-tools-for-stm32.9-2020-q2-update.win32_2.0.0.202105311346/tools/bin/../lib/gcc/arm-none-eabi/9.3.1/thumb/v7-m/nofp/crtbegin.o
 .ARM.attributes
                0x000000000000004a       0x2d ./FreeRTOS/Source/list.o
 .ARM.attributes
                0x0000000000000077       0x2d ./FreeRTOS/Source/queue.o
 .ARM.attributes
                0x00000000000000a4       0x2d ./FreeRTOS/Source/tasks.o
 .ARM.attributes
                0x00000000000000d1       0x2d ./FreeRTOS/Source/timers.o
 .ARM.attributes
                0x00000000000000fe       0x2d ./FreeRTOS/Source/portable/GCC/ARM_CM3/port.o
 .ARM.attributes
                0x000000000000012b       0x2d ./FreeRTOS/Source/portable/MemMang/heap_4.o
 .ARM.attributes
                0x0000000000000158       0x2d ./HAL/RockBlock/RockBlock.o
 .ARM.attributes
                0x0000000000000185       0x2d ./MCAL/EXTI/EXTI.o
 .ARM.attributes
                0x00000000000001b2       0x2d ./MCAL/GPIO/GPIO.o
 .ARM.attributes
                0x00000000000001df       0x2d ./MCAL/RCC/RCC.o
 .ARM.attributes
                0x000000000000020c       0x2d ./MCAL/USART/USART.o
 .ARM.attributes
                0x0000000000000239       0x2d ./Src/main.o
 .ARM.attributes
                0x0000000000000266       0x21 ./Startup/startup_stm32f103c6tx.o
 .ARM.attributes
                0x0000000000000287       0x2d e:/cubeide/stm32cubeide_1.8.0/stm32cubeide/plugins/com.st.stm32cube.ide.mcu.externaltools.gnu-tools-for-stm32.9-2020-q2-update.win32_2.0.0.202105311346/tools/bin/../lib/gcc/arm-none-eabi/9.3.1/../../../../arm-none-eabi/lib/thumb/v7-m/nofp\libc_nano.a(lib_a-init.o)
 .ARM.attributes
                0x00000000000002b4       0x2d e:/cubeide/stm32cubeide_1.8.0/stm32cubeide/plugins/com.st.stm32cube.ide.mcu.externaltools.gnu-tools-for-stm32.9-2020-q2-update.win32_2.0.0.202105311346/tools/bin/../lib/gcc/arm-none-eabi/9.3.1/../../../../arm-none-eabi/lib/thumb/v7-m/nofp\libc_nano.a(lib_a-memcpy-stub.o)
 .ARM.attributes
                0x00000000000002e1       0x2d e:/cubeide/stm32cubeide_1.8.0/stm32cubeide/plugins/com.st.stm32cube.ide.mcu.externaltools.gnu-tools-for-stm32.9-2020-q2-update.win32_2.0.0.202105311346/tools/bin/../lib/gcc/arm-none-eabi/9.3.1/../../../../arm-none-eabi/lib/thumb/v7-m/nofp\libc_nano.a(lib_a-memset.o)
 .ARM.attributes
                0x000000000000030e       0x1d e:/cubeide/stm32cubeide_1.8.0/stm32cubeide/plugins/com.st.stm32cube.ide.mcu.externaltools.gnu-tools-for-stm32.9-2020-q2-update.win32_2.0.0.202105311346/tools/bin/../lib/gcc/arm-none-eabi/9.3.1/thumb/v7-m/nofp/crtn.o
OUTPUT(try_to_import.elf elf32-littlearm)
LOAD linker stubs
LOAD e:/cubeide/stm32cubeide_1.8.0/stm32cubeide/plugins/com.st.stm32cube.ide.mcu.externaltools.gnu-tools-for-stm32.9-2020-q2-update.win32_2.0.0.202105311346/tools/bin/../lib/gcc/arm-none-eabi/9.3.1/../../../../arm-none-eabi/lib/thumb/v7-m/nofp\libc.a
LOAD e:/cubeide/stm32cubeide_1.8.0/stm32cubeide/plugins/com.st.stm32cube.ide.mcu.externaltools.gnu-tools-for-stm32.9-2020-q2-update.win32_2.0.0.202105311346/tools/bin/../lib/gcc/arm-none-eabi/9.3.1/../../../../arm-none-eabi/lib/thumb/v7-m/nofp\libm.a
LOAD e:/cubeide/stm32cubeide_1.8.0/stm32cubeide/plugins/com.st.stm32cube.ide.mcu.externaltools.gnu-tools-for-stm32.9-2020-q2-update.win32_2.0.0.202105311346/tools/bin/../lib/gcc/arm-none-eabi/9.3.1/thumb/v7-m/nofp\libgcc.a

.debug_info     0x0000000000000000     0xc383
 .debug_info    0x0000000000000000      0xb7c ./FreeRTOS/Source/list.o
 .debug_info    0x0000000000000b7c     0x1f21 ./FreeRTOS/Source/queue.o
 .debug_info    0x0000000000002a9d     0x26f7 ./FreeRTOS/Source/tasks.o
 .debug_info    0x0000000000005194     0x1646 ./FreeRTOS/Source/timers.o
 .debug_info    0x00000000000067da      0x4a1 ./FreeRTOS/Source/portable/GCC/ARM_CM3/port.o
 .debug_info    0x0000000000006c7b      0xc77 ./FreeRTOS/Source/portable/MemMang/heap_4.o
 .debug_info    0x00000000000078f2      0xaf1 ./HAL/RockBlock/RockBlock.o
 .debug_info    0x00000000000083e3      0xd29 ./MCAL/EXTI/EXTI.o
 .debug_info    0x000000000000910c      0xcc1 ./MCAL/GPIO/GPIO.o
 .debug_info    0x0000000000009dcd      0xac7 ./MCAL/RCC/RCC.o
 .debug_info    0x000000000000a894      0xe21 ./MCAL/USART/USART.o
 .debug_info    0x000000000000b6b5      0xcac ./Src/main.o
 .debug_info    0x000000000000c361       0x22 ./Startup/startup_stm32f103c6tx.o

.debug_abbrev   0x0000000000000000     0x1e94
 .debug_abbrev  0x0000000000000000      0x1f7 ./FreeRTOS/Source/list.o
 .debug_abbrev  0x00000000000001f7      0x384 ./FreeRTOS/Source/queue.o
 .debug_abbrev  0x000000000000057b      0x39a ./FreeRTOS/Source/tasks.o
 .debug_abbrev  0x0000000000000915      0x308 ./FreeRTOS/Source/timers.o
 .debug_abbrev  0x0000000000000c1d      0x22f ./FreeRTOS/Source/portable/GCC/ARM_CM3/port.o
 .debug_abbrev  0x0000000000000e4c      0x2d3 ./FreeRTOS/Source/portable/MemMang/heap_4.o
 .debug_abbrev  0x000000000000111f      0x20f ./HAL/RockBlock/RockBlock.o
 .debug_abbrev  0x000000000000132e      0x267 ./MCAL/EXTI/EXTI.o
 .debug_abbrev  0x0000000000001595      0x213 ./MCAL/GPIO/GPIO.o
 .debug_abbrev  0x00000000000017a8      0x1cc ./MCAL/RCC/RCC.o
 .debug_abbrev  0x0000000000001974      0x2a1 ./MCAL/USART/USART.o
 .debug_abbrev  0x0000000000001c15      0x26d ./Src/main.o
 .debug_abbrev  0x0000000000001e82       0x12 ./Startup/startup_stm32f103c6tx.o

.debug_aranges  0x0000000000000000      0x728
 .debug_aranges
                0x0000000000000000       0x40 ./FreeRTOS/Source/list.o
 .debug_aranges
                0x0000000000000040      0x140 ./FreeRTOS/Source/queue.o
 .debug_aranges
                0x0000000000000180      0x1f0 ./FreeRTOS/Source/tasks.o
 .debug_aranges
                0x0000000000000370       0xd8 ./FreeRTOS/Source/timers.o
 .debug_aranges
                0x0000000000000448       0x78 ./FreeRTOS/Source/portable/GCC/ARM_CM3/port.o
 .debug_aranges
                0x00000000000004c0       0x50 ./FreeRTOS/Source/portable/MemMang/heap_4.o
 .debug_aranges
                0x0000000000000510       0x30 ./HAL/RockBlock/RockBlock.o
 .debug_aranges
                0x0000000000000540       0x80 ./MCAL/EXTI/EXTI.o
 .debug_aranges
                0x00000000000005c0       0x60 ./MCAL/GPIO/GPIO.o
 .debug_aranges
                0x0000000000000620       0x38 ./MCAL/RCC/RCC.o
 .debug_aranges
                0x0000000000000658       0x60 ./MCAL/USART/USART.o
 .debug_aranges
                0x00000000000006b8       0x48 ./Src/main.o
 .debug_aranges
                0x0000000000000700       0x28 ./Startup/startup_stm32f103c6tx.o

.debug_ranges   0x0000000000000000      0x678
 .debug_ranges  0x0000000000000000       0x30 ./FreeRTOS/Source/list.o
 .debug_ranges  0x0000000000000030      0x130 ./FreeRTOS/Source/queue.o
 .debug_ranges  0x0000000000000160      0x1e0 ./FreeRTOS/Source/tasks.o
 .debug_ranges  0x0000000000000340       0xc8 ./FreeRTOS/Source/timers.o
 .debug_ranges  0x0000000000000408       0x68 ./FreeRTOS/Source/portable/GCC/ARM_CM3/port.o
 .debug_ranges  0x0000000000000470       0x40 ./FreeRTOS/Source/portable/MemMang/heap_4.o
 .debug_ranges  0x00000000000004b0       0x20 ./HAL/RockBlock/RockBlock.o
 .debug_ranges  0x00000000000004d0       0x70 ./MCAL/EXTI/EXTI.o
 .debug_ranges  0x0000000000000540       0x50 ./MCAL/GPIO/GPIO.o
 .debug_ranges  0x0000000000000590       0x28 ./MCAL/RCC/RCC.o
 .debug_ranges  0x00000000000005b8       0x50 ./MCAL/USART/USART.o
 .debug_ranges  0x0000000000000608       0x50 ./Src/main.o
 .debug_ranges  0x0000000000000658       0x20 ./Startup/startup_stm32f103c6tx.o

.debug_macro    0x0000000000000000     0x1c84
 .debug_macro   0x0000000000000000      0x187 ./FreeRTOS/Source/list.o
 .debug_macro   0x0000000000000187      0x212 ./FreeRTOS/Source/queue.o
 .debug_macro   0x0000000000000399       0x16 ./FreeRTOS/Source/queue.o
 .debug_macro   0x00000000000003af       0x35 ./FreeRTOS/Source/queue.o
 .debug_macro   0x00000000000003e4       0x20 ./FreeRTOS/Source/queue.o
 .debug_macro   0x0000000000000404       0x86 ./FreeRTOS/Source/queue.o
 .debug_macro   0x000000000000048a      0x287 ./FreeRTOS/Source/tasks.o
 .debug_macro   0x0000000000000711       0x10 ./FreeRTOS/Source/tasks.o
 .debug_macro   0x0000000000000721      0x1ca ./FreeRTOS/Source/timers.o
 .debug_macro   0x00000000000008eb      0x172 ./FreeRTOS/Source/portable/GCC/ARM_CM3/port.o
 .debug_macro   0x0000000000000a5d      0x1ae ./FreeRTOS/Source/portable/MemMang/heap_4.o
 .debug_macro   0x0000000000000c0b      0x17a ./HAL/RockBlock/RockBlock.o
 .debug_macro   0x0000000000000d85      0x230 ./HAL/RockBlock/RockBlock.o
 .debug_macro   0x0000000000000fb5       0x6a ./HAL/RockBlock/RockBlock.o
 .debug_macro   0x000000000000101f       0xd0 ./HAL/RockBlock/RockBlock.o
 .debug_macro   0x00000000000010ef       0xee ./HAL/RockBlock/RockBlock.o
 .debug_macro   0x00000000000011dd      0x161 ./MCAL/EXTI/EXTI.o
 .debug_macro   0x000000000000133e       0xca ./MCAL/EXTI/EXTI.o
 .debug_macro   0x0000000000001408      0x215 ./MCAL/EXTI/EXTI.o
 .debug_macro   0x000000000000161d      0x14c ./MCAL/GPIO/GPIO.o
 .debug_macro   0x0000000000001769      0x14c ./MCAL/RCC/RCC.o
 .debug_macro   0x00000000000018b5      0x15e ./MCAL/USART/USART.o
 .debug_macro   0x0000000000001a13       0x70 ./MCAL/USART/USART.o
 .debug_macro   0x0000000000001a83      0x1f1 ./Src/main.o
 .debug_macro   0x0000000000001c74       0x10 ./Src/main.o

.debug_line     0x0000000000000000     0x84f9
 .debug_line    0x0000000000000000      0x732 ./FreeRTOS/Source/list.o
 .debug_line    0x0000000000000732     0x15a2 ./FreeRTOS/Source/queue.o
 .debug_line    0x0000000000001cd4     0x1c83 ./FreeRTOS/Source/tasks.o
 .debug_line    0x0000000000003957      0xc4d ./FreeRTOS/Source/timers.o
 .debug_line    0x00000000000045a4      0x7b2 ./FreeRTOS/Source/portable/GCC/ARM_CM3/port.o
 .debug_line    0x0000000000004d56      0x8f4 ./FreeRTOS/Source/portable/MemMang/heap_4.o
 .debug_line    0x000000000000564a      0x617 ./HAL/RockBlock/RockBlock.o
 .debug_line    0x0000000000005c61      0x8d1 ./MCAL/EXTI/EXTI.o
 .debug_line    0x0000000000006532      0x7d3 ./MCAL/GPIO/GPIO.o
 .debug_line    0x0000000000006d05      0x651 ./MCAL/RCC/RCC.o
 .debug_line    0x0000000000007356      0x914 ./MCAL/USART/USART.o
 .debug_line    0x0000000000007c6a      0x80b ./Src/main.o
 .debug_line    0x0000000000008475       0x84 ./Startup/startup_stm32f103c6tx.o

.debug_str      0x0000000000000000    0x1179f
 .debug_str     0x0000000000000000     0xa46a ./FreeRTOS/Source/list.o
                                       0xa6f2 (size before relaxing)
 .debug_str     0x000000000000a46a     0x1620 ./FreeRTOS/Source/queue.o
                                       0xbd0d (size before relaxing)
 .debug_str     0x000000000000ba8a     0x1b76 ./FreeRTOS/Source/tasks.o
                                       0xc9ff (size before relaxing)
 .debug_str     0x000000000000d600      0x529 ./FreeRTOS/Source/timers.o
                                       0xc126 (size before relaxing)
 .debug_str     0x000000000000db29      0x6d6 ./FreeRTOS/Source/portable/GCC/ARM_CM3/port.o
                                       0x804c (size before relaxing)
 .debug_str     0x000000000000e1ff      0x239 ./FreeRTOS/Source/portable/MemMang/heap_4.o
                                       0xae15 (size before relaxing)
 .debug_str     0x000000000000e438     0x19aa ./HAL/RockBlock/RockBlock.o
                                       0x8c25 (size before relaxing)
 .debug_str     0x000000000000fde2     0x15d2 ./MCAL/EXTI/EXTI.o
                                       0x9796 (size before relaxing)
 .debug_str     0x00000000000113b4      0x121 ./MCAL/GPIO/GPIO.o
                                       0x8337 (size before relaxing)
 .debug_str     0x00000000000114d5       0x97 ./MCAL/RCC/RCC.o
                                       0x8152 (size before relaxing)
 .debug_str     0x000000000001156c      0x136 ./MCAL/USART/USART.o
                                       0x8d6a (size before relaxing)
 .debug_str     0x00000000000116a2       0xcc ./Src/main.o
                                       0xc5d7 (size before relaxing)
 .debug_str     0x000000000001176e       0x31 ./Startup/startup_stm32f103c6tx.o
                                         0x68 (size before relaxing)

.comment        0x0000000000000000       0x53
 .comment       0x0000000000000000       0x53 ./FreeRTOS/Source/list.o
                                         0x54 (size before relaxing)
 .comment       0x0000000000000053       0x54 ./FreeRTOS/Source/queue.o
 .comment       0x0000000000000053       0x54 ./FreeRTOS/Source/tasks.o
 .comment       0x0000000000000053       0x54 ./FreeRTOS/Source/timers.o
 .comment       0x0000000000000053       0x54 ./FreeRTOS/Source/portable/GCC/ARM_CM3/port.o
 .comment       0x0000000000000053       0x54 ./FreeRTOS/Source/portable/MemMang/heap_4.o
 .comment       0x0000000000000053       0x54 ./HAL/RockBlock/RockBlock.o
 .comment       0x0000000000000053       0x54 ./MCAL/EXTI/EXTI.o
 .comment       0x0000000000000053       0x54 ./MCAL/GPIO/GPIO.o
 .comment       0x0000000000000053       0x54 ./MCAL/RCC/RCC.o
 .comment       0x0000000000000053       0x54 ./MCAL/USART/USART.o
 .comment       0x0000000000000053       0x54 ./Src/main.o

.debug_frame    0x0000000000000000     0x1bc0
 .debug_frame   0x0000000000000000       0xd8 ./FreeRTOS/Source/list.o
 .debug_frame   0x00000000000000d8      0x57c ./FreeRTOS/Source/queue.o
 .debug_frame   0x0000000000000654      0x878 ./FreeRTOS/Source/tasks.o
 .debug_frame   0x0000000000000ecc      0x388 ./FreeRTOS/Source/timers.o
 .debug_frame   0x0000000000001254      0x198 ./FreeRTOS/Source/portable/GCC/ARM_CM3/port.o
 .debug_frame   0x00000000000013ec      0x108 ./FreeRTOS/Source/portable/MemMang/heap_4.o
 .debug_frame   0x00000000000014f4       0x74 ./HAL/RockBlock/RockBlock.o
 .debug_frame   0x0000000000001568      0x1b0 ./MCAL/EXTI/EXTI.o
 .debug_frame   0x0000000000001718      0x178 ./MCAL/GPIO/GPIO.o
 .debug_frame   0x0000000000001890       0x9c ./MCAL/RCC/RCC.o
 .debug_frame   0x000000000000192c      0x148 ./MCAL/USART/USART.o
 .debug_frame   0x0000000000001a74       0xd8 ./Src/main.o
 .debug_frame   0x0000000000001b4c       0x2c e:/cubeide/stm32cubeide_1.8.0/stm32cubeide/plugins/com.st.stm32cube.ide.mcu.externaltools.gnu-tools-for-stm32.9-2020-q2-update.win32_2.0.0.202105311346/tools/bin/../lib/gcc/arm-none-eabi/9.3.1/../../../../arm-none-eabi/lib/thumb/v7-m/nofp\libc_nano.a(lib_a-init.o)
 .debug_frame   0x0000000000001b78       0x28 e:/cubeide/stm32cubeide_1.8.0/stm32cubeide/plugins/com.st.stm32cube.ide.mcu.externaltools.gnu-tools-for-stm32.9-2020-q2-update.win32_2.0.0.202105311346/tools/bin/../lib/gcc/arm-none-eabi/9.3.1/../../../../arm-none-eabi/lib/thumb/v7-m/nofp\libc_nano.a(lib_a-memcpy-stub.o)
 .debug_frame   0x0000000000001ba0       0x20 e:/cubeide/stm32cubeide_1.8.0/stm32cubeide/plugins/com.st.stm32cube.ide.mcu.externaltools.gnu-tools-for-stm32.9-2020-q2-update.win32_2.0.0.202105311346/tools/bin/../lib/gcc/arm-none-eabi/9.3.1/../../../../arm-none-eabi/lib/thumb/v7-m/nofp\libc_nano.a(lib_a-memset.o)
